Archive member included because of file (symbol)

/opt/tivaware//driverlib/gcc/libdriver.a(gpio.o)
                              .obj/main.o (GPIOPinWrite)
/opt/tivaware//driverlib/gcc/libdriver.a(interrupt.o)
                              /opt/tivaware//driverlib/gcc/libdriver.a(gpio.o) (IntRegister)
/opt/tivaware//driverlib/gcc/libdriver.a(sysctl.o)
                              .obj/main.o (SysCtlPeripheralEnable)
/opt/tivaware//driverlib/gcc/libdriver.a(timer.o)
                              .obj/main.o (TimerEnable)
/opt/tivaware//driverlib/gcc/libdriver.a(cpu.o)
                              /opt/tivaware//driverlib/gcc/libdriver.a(interrupt.o) (CPUcpsid)

Allocating common symbols
Common symbol       size              file

bNewPLL             0x1               /opt/tivaware//driverlib/gcc/libdriver.a(sysctl.o)
ui32RSClkConfig     0x4               /opt/tivaware//driverlib/gcc/libdriver.a(sysctl.o)
ui32Osc             0x4               /opt/tivaware//driverlib/gcc/libdriver.a(sysctl.o)
clk_state           0x4               .obj/main.o
edge_counts_s       0xa0              .obj/main.o
ui32SysDiv          0x4               /opt/tivaware//driverlib/gcc/libdriver.a(sysctl.o)
prev_edge_count     0x4               .obj/main.o
ui32OscSelect       0x4               /opt/tivaware//driverlib/gcc/libdriver.a(sysctl.o)

Discarded input sections

 .text          0x0000000000000000        0x0 .obj/main.o
 .data          0x0000000000000000        0x0 .obj/main.o
 .bss           0x0000000000000000        0x0 .obj/main.o
 .text          0x0000000000000000        0x0 .obj/stellariscommon.o
 .data          0x0000000000000000        0x0 .obj/stellariscommon.o
 .bss           0x0000000000000000        0x0 .obj/stellariscommon.o
 .text.SetupFPU
                0x0000000000000000       0x18 .obj/stellariscommon.o
 .text.SetupClock
                0x0000000000000000       0x34 .obj/stellariscommon.o
 .text.SetupStdio
                0x0000000000000000       0x60 .obj/stellariscommon.o
 .text.SetupSysTick
                0x0000000000000000       0x28 .obj/stellariscommon.o
 .debug_info    0x0000000000000000      0x181 .obj/stellariscommon.o
 .debug_abbrev  0x0000000000000000       0xef .obj/stellariscommon.o
 .debug_loc     0x0000000000000000       0x71 .obj/stellariscommon.o
 .debug_aranges
                0x0000000000000000       0x38 .obj/stellariscommon.o
 .debug_ranges  0x0000000000000000       0x28 .obj/stellariscommon.o
 .debug_line    0x0000000000000000       0xb6 .obj/stellariscommon.o
 .debug_str     0x0000000000000000      0x1b6 .obj/stellariscommon.o
 .comment       0x0000000000000000       0x12 .obj/stellariscommon.o
 .ARM.attributes
                0x0000000000000000       0x37 .obj/stellariscommon.o
 .debug_frame   0x0000000000000000       0x7c .obj/stellariscommon.o
 .text          0x0000000000000000        0x0 .obj/startup.o
 .data          0x0000000000000000        0x0 .obj/startup.o
 .bss           0x0000000000000000        0x0 .obj/startup.o
 .text          0x0000000000000000        0x0 /opt/tivaware//driverlib/gcc/libdriver.a(gpio.o)
 .data          0x0000000000000000        0x0 /opt/tivaware//driverlib/gcc/libdriver.a(gpio.o)
 .bss           0x0000000000000000        0x0 /opt/tivaware//driverlib/gcc/libdriver.a(gpio.o)
 .text.GPIODirModeGet
                0x0000000000000000       0x24 /opt/tivaware//driverlib/gcc/libdriver.a(gpio.o)
 .text.GPIOIntTypeSet
                0x0000000000000000       0x5a /opt/tivaware//driverlib/gcc/libdriver.a(gpio.o)
 .text.GPIOIntTypeGet
                0x0000000000000000       0x4a /opt/tivaware//driverlib/gcc/libdriver.a(gpio.o)
 .text.GPIOPadConfigGet
                0x0000000000000000       0x7e /opt/tivaware//driverlib/gcc/libdriver.a(gpio.o)
 .text.GPIOIntEnable
                0x0000000000000000        0xc /opt/tivaware//driverlib/gcc/libdriver.a(gpio.o)
 .text.GPIOIntDisable
                0x0000000000000000        0xe /opt/tivaware//driverlib/gcc/libdriver.a(gpio.o)
 .text.GPIOIntStatus
                0x0000000000000000        0xe /opt/tivaware//driverlib/gcc/libdriver.a(gpio.o)
 .text.GPIOIntClear
                0x0000000000000000        0x6 /opt/tivaware//driverlib/gcc/libdriver.a(gpio.o)
 .text.GPIOIntRegister
                0x0000000000000000       0x30 /opt/tivaware//driverlib/gcc/libdriver.a(gpio.o)
 .text.GPIOIntUnregister
                0x0000000000000000       0x30 /opt/tivaware//driverlib/gcc/libdriver.a(gpio.o)
 .text.GPIOPinRead
                0x0000000000000000        0x6 /opt/tivaware//driverlib/gcc/libdriver.a(gpio.o)
 .text.GPIOPinTypeADC
                0x0000000000000000       0x1c /opt/tivaware//driverlib/gcc/libdriver.a(gpio.o)
 .text.GPIOPinTypeCAN
                0x0000000000000000       0x1c /opt/tivaware//driverlib/gcc/libdriver.a(gpio.o)
 .text.GPIOPinTypeComparator
                0x0000000000000000       0x1c /opt/tivaware//driverlib/gcc/libdriver.a(gpio.o)
 .text.GPIOPinTypeEPI
                0x0000000000000000       0x1c /opt/tivaware//driverlib/gcc/libdriver.a(gpio.o)
 .text.GPIOPinTypeEthernetLED
                0x0000000000000000       0x1c /opt/tivaware//driverlib/gcc/libdriver.a(gpio.o)
 .text.GPIOPinTypeEthernetMII
                0x0000000000000000       0x1c /opt/tivaware//driverlib/gcc/libdriver.a(gpio.o)
 .text.GPIOPinTypeFan
                0x0000000000000000       0x1c /opt/tivaware//driverlib/gcc/libdriver.a(gpio.o)
 .text.GPIOPinTypeGPIOInput
                0x0000000000000000       0x1c /opt/tivaware//driverlib/gcc/libdriver.a(gpio.o)
 .text.GPIOPinTypeGPIOOutputOD
                0x0000000000000000       0x1c /opt/tivaware//driverlib/gcc/libdriver.a(gpio.o)
 .text.GPIOPinTypeI2C
                0x0000000000000000       0x1c /opt/tivaware//driverlib/gcc/libdriver.a(gpio.o)
 .text.GPIOPinTypeI2CSCL
                0x0000000000000000       0x1c /opt/tivaware//driverlib/gcc/libdriver.a(gpio.o)
 .text.GPIOPinTypeI2S
                0x0000000000000000       0x1c /opt/tivaware//driverlib/gcc/libdriver.a(gpio.o)
 .text.GPIOPinTypeLPC
                0x0000000000000000       0x1c /opt/tivaware//driverlib/gcc/libdriver.a(gpio.o)
 .text.GPIOPinTypePECIRx
                0x0000000000000000       0x1c /opt/tivaware//driverlib/gcc/libdriver.a(gpio.o)
 .text.GPIOPinTypePECITx
                0x0000000000000000       0x1c /opt/tivaware//driverlib/gcc/libdriver.a(gpio.o)
 .text.GPIOPinTypePWM
                0x0000000000000000       0x1c /opt/tivaware//driverlib/gcc/libdriver.a(gpio.o)
 .text.GPIOPinTypeQEI
                0x0000000000000000       0x1c /opt/tivaware//driverlib/gcc/libdriver.a(gpio.o)
 .text.GPIOPinTypeSSI
                0x0000000000000000       0x1c /opt/tivaware//driverlib/gcc/libdriver.a(gpio.o)
 .text.GPIOPinTypeUART
                0x0000000000000000       0x1c /opt/tivaware//driverlib/gcc/libdriver.a(gpio.o)
 .text.GPIOPinTypeUSBAnalog
                0x0000000000000000       0x1c /opt/tivaware//driverlib/gcc/libdriver.a(gpio.o)
 .text.GPIOPinTypeUSBDigital
                0x0000000000000000       0x1c /opt/tivaware//driverlib/gcc/libdriver.a(gpio.o)
 .text.GPIODMATriggerEnable
                0x0000000000000000        0xc /opt/tivaware//driverlib/gcc/libdriver.a(gpio.o)
 .text.GPIODMATriggerDisable
                0x0000000000000000        0xe /opt/tivaware//driverlib/gcc/libdriver.a(gpio.o)
 .text.GPIOADCTriggerEnable
                0x0000000000000000        0xc /opt/tivaware//driverlib/gcc/libdriver.a(gpio.o)
 .text.GPIOADCTriggerDisable
                0x0000000000000000        0xe /opt/tivaware//driverlib/gcc/libdriver.a(gpio.o)
 .rodata.g_ppui32GPIOIntMapBlizzard
                0x0000000000000000       0xc0 /opt/tivaware//driverlib/gcc/libdriver.a(gpio.o)
 .text          0x0000000000000000        0x0 /opt/tivaware//driverlib/gcc/libdriver.a(interrupt.o)
 .data          0x0000000000000000        0x0 /opt/tivaware//driverlib/gcc/libdriver.a(interrupt.o)
 .bss           0x0000000000000000        0x0 /opt/tivaware//driverlib/gcc/libdriver.a(interrupt.o)
 .text.IntDefaultHandler
                0x0000000000000000        0x2 /opt/tivaware//driverlib/gcc/libdriver.a(interrupt.o)
 .text.IntMasterEnable
                0x0000000000000000        0xe /opt/tivaware//driverlib/gcc/libdriver.a(interrupt.o)
 .text.IntMasterDisable
                0x0000000000000000        0xe /opt/tivaware//driverlib/gcc/libdriver.a(interrupt.o)
 .text.IntUnregister
                0x0000000000000000       0x14 /opt/tivaware//driverlib/gcc/libdriver.a(interrupt.o)
 .text.IntPriorityGroupingSet
                0x0000000000000000       0x1c /opt/tivaware//driverlib/gcc/libdriver.a(interrupt.o)
 .text.IntPriorityGroupingGet
                0x0000000000000000       0x24 /opt/tivaware//driverlib/gcc/libdriver.a(interrupt.o)
 .text.IntPrioritySet
                0x0000000000000000       0x28 /opt/tivaware//driverlib/gcc/libdriver.a(interrupt.o)
 .text.IntPriorityGet
                0x0000000000000000       0x1c /opt/tivaware//driverlib/gcc/libdriver.a(interrupt.o)
 .text.IntDisable
                0x0000000000000000       0x60 /opt/tivaware//driverlib/gcc/libdriver.a(interrupt.o)
 .text.IntIsEnabled
                0x0000000000000000       0x64 /opt/tivaware//driverlib/gcc/libdriver.a(interrupt.o)
 .text.IntPendSet
                0x0000000000000000       0x50 /opt/tivaware//driverlib/gcc/libdriver.a(interrupt.o)
 .text.IntPendClear
                0x0000000000000000       0x40 /opt/tivaware//driverlib/gcc/libdriver.a(interrupt.o)
 .text.IntPriorityMaskSet
                0x0000000000000000        0x4 /opt/tivaware//driverlib/gcc/libdriver.a(interrupt.o)
 .text.IntPriorityMaskGet
                0x0000000000000000        0x4 /opt/tivaware//driverlib/gcc/libdriver.a(interrupt.o)
 .text.IntTrigger
                0x0000000000000000        0xc /opt/tivaware//driverlib/gcc/libdriver.a(interrupt.o)
 .rodata.g_pui32Priority
                0x0000000000000000       0x20 /opt/tivaware//driverlib/gcc/libdriver.a(interrupt.o)
 .rodata.g_pui32Dii16Regs
                0x0000000000000000       0x14 /opt/tivaware//driverlib/gcc/libdriver.a(interrupt.o)
 .rodata.g_pui32PendRegs
                0x0000000000000000       0x14 /opt/tivaware//driverlib/gcc/libdriver.a(interrupt.o)
 .rodata.g_pui32Regs
                0x0000000000000000       0x9c /opt/tivaware//driverlib/gcc/libdriver.a(interrupt.o)
 .rodata.g_pui32UnpendRegs
                0x0000000000000000       0x14 /opt/tivaware//driverlib/gcc/libdriver.a(interrupt.o)
 .text          0x0000000000000000        0x0 /opt/tivaware//driverlib/gcc/libdriver.a(sysctl.o)
 .data          0x0000000000000000        0x0 /opt/tivaware//driverlib/gcc/libdriver.a(sysctl.o)
 .bss           0x0000000000000000        0x0 /opt/tivaware//driverlib/gcc/libdriver.a(sysctl.o)
 .text.SysCtlSRAMSizeGet
                0x0000000000000000       0x10 /opt/tivaware//driverlib/gcc/libdriver.a(sysctl.o)
 .text.SysCtlFlashSizeGet
                0x0000000000000000       0x14 /opt/tivaware//driverlib/gcc/libdriver.a(sysctl.o)
 .text.SysCtlPeripheralPresent
                0x0000000000000000       0x28 /opt/tivaware//driverlib/gcc/libdriver.a(sysctl.o)
 .text.SysCtlPeripheralReady
                0x0000000000000000       0x28 /opt/tivaware//driverlib/gcc/libdriver.a(sysctl.o)
 .text.SysCtlPeripheralPowerOn
                0x0000000000000000       0x24 /opt/tivaware//driverlib/gcc/libdriver.a(sysctl.o)
 .text.SysCtlPeripheralPowerOff
                0x0000000000000000       0x24 /opt/tivaware//driverlib/gcc/libdriver.a(sysctl.o)
 .text.SysCtlPeripheralReset
                0x0000000000000000       0x3c /opt/tivaware//driverlib/gcc/libdriver.a(sysctl.o)
 .text.SysCtlPeripheralDisable
                0x0000000000000000       0x24 /opt/tivaware//driverlib/gcc/libdriver.a(sysctl.o)
 .text.SysCtlPeripheralSleepEnable
                0x0000000000000000       0x24 /opt/tivaware//driverlib/gcc/libdriver.a(sysctl.o)
 .text.SysCtlPeripheralSleepDisable
                0x0000000000000000       0x24 /opt/tivaware//driverlib/gcc/libdriver.a(sysctl.o)
 .text.SysCtlPeripheralDeepSleepEnable
                0x0000000000000000       0x24 /opt/tivaware//driverlib/gcc/libdriver.a(sysctl.o)
 .text.SysCtlPeripheralDeepSleepDisable
                0x0000000000000000       0x24 /opt/tivaware//driverlib/gcc/libdriver.a(sysctl.o)
 .text.SysCtlPeripheralClockGating
                0x0000000000000000       0x18 /opt/tivaware//driverlib/gcc/libdriver.a(sysctl.o)
 .text.SysCtlIntRegister
                0x0000000000000000       0x14 /opt/tivaware//driverlib/gcc/libdriver.a(sysctl.o)
 .text.SysCtlIntUnregister
                0x0000000000000000       0x12 /opt/tivaware//driverlib/gcc/libdriver.a(sysctl.o)
 .text.SysCtlIntEnable
                0x0000000000000000       0x10 /opt/tivaware//driverlib/gcc/libdriver.a(sysctl.o)
 .text.SysCtlIntDisable
                0x0000000000000000       0x10 /opt/tivaware//driverlib/gcc/libdriver.a(sysctl.o)
 .text.SysCtlIntClear
                0x0000000000000000        0xc /opt/tivaware//driverlib/gcc/libdriver.a(sysctl.o)
 .text.SysCtlIntStatus
                0x0000000000000000       0x14 /opt/tivaware//driverlib/gcc/libdriver.a(sysctl.o)
 .text.SysCtlReset
                0x0000000000000000       0x10 /opt/tivaware//driverlib/gcc/libdriver.a(sysctl.o)
 .text.SysCtlSleep
                0x0000000000000000        0x4 /opt/tivaware//driverlib/gcc/libdriver.a(sysctl.o)
 .text.SysCtlDeepSleep
                0x0000000000000000       0x20 /opt/tivaware//driverlib/gcc/libdriver.a(sysctl.o)
 .text.SysCtlResetCauseGet
                0x0000000000000000        0xc /opt/tivaware//driverlib/gcc/libdriver.a(sysctl.o)
 .text.SysCtlResetCauseClear
                0x0000000000000000       0x10 /opt/tivaware//driverlib/gcc/libdriver.a(sysctl.o)
 .text.SysCtlMOSCConfigSet
                0x0000000000000000        0xc /opt/tivaware//driverlib/gcc/libdriver.a(sysctl.o)
 .text.SysCtlPIOSCCalibrate
                0x0000000000000000       0x4c /opt/tivaware//driverlib/gcc/libdriver.a(sysctl.o)
 .text.SysCtlClockGet
                0x0000000000000000       0xc0 /opt/tivaware//driverlib/gcc/libdriver.a(sysctl.o)
 .text.SysCtlDeepSleepClockSet
                0x0000000000000000        0xc /opt/tivaware//driverlib/gcc/libdriver.a(sysctl.o)
 .text.SysCtlPWMClockSet
                0x0000000000000000       0x14 /opt/tivaware//driverlib/gcc/libdriver.a(sysctl.o)
 .text.SysCtlPWMClockGet
                0x0000000000000000       0x18 /opt/tivaware//driverlib/gcc/libdriver.a(sysctl.o)
 .text.SysCtlADCSpeedSet
                0x0000000000000000       0x1c /opt/tivaware//driverlib/gcc/libdriver.a(sysctl.o)
 .text.SysCtlADCSpeedGet
                0x0000000000000000       0x10 /opt/tivaware//driverlib/gcc/libdriver.a(sysctl.o)
 .text.SysCtlGPIOAHBEnable
                0x0000000000000000       0x18 /opt/tivaware//driverlib/gcc/libdriver.a(sysctl.o)
 .text.SysCtlGPIOAHBDisable
                0x0000000000000000       0x1c /opt/tivaware//driverlib/gcc/libdriver.a(sysctl.o)
 .text.SysCtlUSBPLLEnable
                0x0000000000000000       0x10 /opt/tivaware//driverlib/gcc/libdriver.a(sysctl.o)
 .text.SysCtlUSBPLLDisable
                0x0000000000000000       0x10 /opt/tivaware//driverlib/gcc/libdriver.a(sysctl.o)
 .rodata.g_pui32Xtals
                0x0000000000000000       0x6c /opt/tivaware//driverlib/gcc/libdriver.a(sysctl.o)
 COMMON         0x0000000000000000       0x14 /opt/tivaware//driverlib/gcc/libdriver.a(sysctl.o)
 .text          0x0000000000000000        0x0 /opt/tivaware//driverlib/gcc/libdriver.a(timer.o)
 .data          0x0000000000000000        0x0 /opt/tivaware//driverlib/gcc/libdriver.a(timer.o)
 .bss           0x0000000000000000        0x0 /opt/tivaware//driverlib/gcc/libdriver.a(timer.o)
 .text.TimerDisable
                0x0000000000000000       0x10 /opt/tivaware//driverlib/gcc/libdriver.a(timer.o)
 .text.TimerControlLevel
                0x0000000000000000       0x1c /opt/tivaware//driverlib/gcc/libdriver.a(timer.o)
 .text.TimerControlTrigger
                0x0000000000000000       0x1c /opt/tivaware//driverlib/gcc/libdriver.a(timer.o)
 .text.TimerControlEvent
                0x0000000000000000       0x14 /opt/tivaware//driverlib/gcc/libdriver.a(timer.o)
 .text.TimerControlStall
                0x0000000000000000       0x1c /opt/tivaware//driverlib/gcc/libdriver.a(timer.o)
 .text.TimerControlWaitOnTrigger
                0x0000000000000000       0x2e /opt/tivaware//driverlib/gcc/libdriver.a(timer.o)
 .text.TimerRTCEnable
                0x0000000000000000        0xa /opt/tivaware//driverlib/gcc/libdriver.a(timer.o)
 .text.TimerRTCDisable
                0x0000000000000000        0xa /opt/tivaware//driverlib/gcc/libdriver.a(timer.o)
 .text.TimerPrescaleGet
                0x0000000000000000        0xa /opt/tivaware//driverlib/gcc/libdriver.a(timer.o)
 .text.TimerPrescaleMatchSet
                0x0000000000000000       0x12 /opt/tivaware//driverlib/gcc/libdriver.a(timer.o)
 .text.TimerPrescaleMatchGet
                0x0000000000000000        0xa /opt/tivaware//driverlib/gcc/libdriver.a(timer.o)
 .text.TimerLoadGet
                0x0000000000000000        0xa /opt/tivaware//driverlib/gcc/libdriver.a(timer.o)
 .text.TimerLoadSet64
                0x0000000000000000        0x6 /opt/tivaware//driverlib/gcc/libdriver.a(timer.o)
 .text.TimerLoadGet64
                0x0000000000000000       0x14 /opt/tivaware//driverlib/gcc/libdriver.a(timer.o)
 .text.TimerValueGet64
                0x0000000000000000       0x14 /opt/tivaware//driverlib/gcc/libdriver.a(timer.o)
 .text.TimerMatchSet
                0x0000000000000000       0x12 /opt/tivaware//driverlib/gcc/libdriver.a(timer.o)
 .text.TimerMatchGet
                0x0000000000000000        0xa /opt/tivaware//driverlib/gcc/libdriver.a(timer.o)
 .text.TimerMatchSet64
                0x0000000000000000        0x6 /opt/tivaware//driverlib/gcc/libdriver.a(timer.o)
 .text.TimerMatchGet64
                0x0000000000000000       0x14 /opt/tivaware//driverlib/gcc/libdriver.a(timer.o)
 .text.TimerIntUnregister
                0x0000000000000000       0x16 /opt/tivaware//driverlib/gcc/libdriver.a(timer.o)
 .text.TimerIntDisable
                0x0000000000000000        0xa /opt/tivaware//driverlib/gcc/libdriver.a(timer.o)
 .text.TimerIntStatus
                0x0000000000000000        0xa /opt/tivaware//driverlib/gcc/libdriver.a(timer.o)
 .text.TimerSynchronize
                0x0000000000000000        0x4 /opt/tivaware//driverlib/gcc/libdriver.a(timer.o)
 .text          0x0000000000000000        0x0 /opt/tivaware//driverlib/gcc/libdriver.a(cpu.o)
 .data          0x0000000000000000        0x0 /opt/tivaware//driverlib/gcc/libdriver.a(cpu.o)
 .bss           0x0000000000000000        0x0 /opt/tivaware//driverlib/gcc/libdriver.a(cpu.o)
 .text.CPUcpsid
                0x0000000000000000        0x8 /opt/tivaware//driverlib/gcc/libdriver.a(cpu.o)
 .text.CPUprimask
                0x0000000000000000        0x6 /opt/tivaware//driverlib/gcc/libdriver.a(cpu.o)
 .text.CPUcpsie
                0x0000000000000000        0x8 /opt/tivaware//driverlib/gcc/libdriver.a(cpu.o)
 .text.CPUwfi   0x0000000000000000        0x4 /opt/tivaware//driverlib/gcc/libdriver.a(cpu.o)
 .text.CPUbasepriSet
                0x0000000000000000        0x6 /opt/tivaware//driverlib/gcc/libdriver.a(cpu.o)
 .text.CPUbasepriGet
                0x0000000000000000        0x6 /opt/tivaware//driverlib/gcc/libdriver.a(cpu.o)
 .comment       0x0000000000000000       0x12 /opt/tivaware//driverlib/gcc/libdriver.a(cpu.o)
 .ARM.attributes
                0x0000000000000000       0x37 /opt/tivaware//driverlib/gcc/libdriver.a(cpu.o)

Memory Configuration

Name             Origin             Length             Attributes
FLASH            0x0000000000000000 0x0000000000040000 xr
SRAM             0x0000000020000000 0x0000000000008000 xrw
*default*        0x0000000000000000 0xffffffffffffffff

Linker script and memory map


.text           0x0000000000000000      0xab0
                0x0000000000000000                _text = .
 *(.isr_vector)
 .isr_vector    0x0000000000000000      0x26c .obj/startup.o
                0x0000000000000000                g_pfnVectors
 *(.text*)
 .text.init_timer1
                0x000000000000026c       0xa4 .obj/main.o
                0x000000000000026c                init_timer1
 .text.init_motor
                0x0000000000000310       0x24 .obj/main.o
                0x0000000000000310                init_motor
 .text.main     0x0000000000000334      0x140 .obj/main.o
                0x0000000000000334                main
 .text.Timer1A_ISR
                0x0000000000000474       0xe8 .obj/main.o
                0x0000000000000474                Timer1A_ISR
 .text.NmiSR    0x000000000000055c        0x2 .obj/startup.o
 .text.FaultISR
                0x000000000000055e        0x2 .obj/startup.o
 .text.IntDefaultHandler
                0x0000000000000560        0x2 .obj/startup.o
 *fill*         0x0000000000000562        0x2 
 .text.ResetISR
                0x0000000000000564       0x58 .obj/startup.o
                0x0000000000000564                ResetISR
 .text.GPIODirModeSet
                0x00000000000005bc       0x2e /opt/tivaware//driverlib/gcc/libdriver.a(gpio.o)
                0x00000000000005bc                GPIODirModeSet
 .text.GPIOPadConfigSet
                0x00000000000005ea       0xbc /opt/tivaware//driverlib/gcc/libdriver.a(gpio.o)
                0x00000000000005ea                GPIOPadConfigSet
 .text.GPIOPinWrite
                0x00000000000006a6        0x6 /opt/tivaware//driverlib/gcc/libdriver.a(gpio.o)
                0x00000000000006a6                GPIOPinWrite
 .text.GPIOPinTypeGPIOOutput
                0x00000000000006ac       0x1c /opt/tivaware//driverlib/gcc/libdriver.a(gpio.o)
                0x00000000000006ac                GPIOPinTypeGPIOOutput
 .text.GPIOPinTypeTimer
                0x00000000000006c8       0x1c /opt/tivaware//driverlib/gcc/libdriver.a(gpio.o)
                0x00000000000006c8                GPIOPinTypeTimer
 .text.GPIOPinConfigure
                0x00000000000006e4       0x48 /opt/tivaware//driverlib/gcc/libdriver.a(gpio.o)
                0x00000000000006e4                GPIOPinConfigure
 .text.IntRegister
                0x000000000000072c       0x30 /opt/tivaware//driverlib/gcc/libdriver.a(interrupt.o)
                0x000000000000072c                IntRegister
 .text.IntEnable
                0x000000000000075c       0x60 /opt/tivaware//driverlib/gcc/libdriver.a(interrupt.o)
                0x000000000000075c                IntEnable
 .text.SysCtlPeripheralEnable
                0x00000000000007bc       0x24 /opt/tivaware//driverlib/gcc/libdriver.a(sysctl.o)
                0x00000000000007bc                SysCtlPeripheralEnable
 .text.SysCtlDelay
                0x00000000000007e0        0x8 /opt/tivaware//driverlib/gcc/libdriver.a(sysctl.o)
                0x00000000000007e0                SysCtlDelay
 .text.SysCtlClockSet
                0x00000000000007e8      0x128 /opt/tivaware//driverlib/gcc/libdriver.a(sysctl.o)
                0x00000000000007e8                SysCtlClockSet
 .text.TimerIntNumberGet
                0x0000000000000910       0x2c /opt/tivaware//driverlib/gcc/libdriver.a(timer.o)
 .text.TimerEnable
                0x000000000000093c        0xe /opt/tivaware//driverlib/gcc/libdriver.a(timer.o)
                0x000000000000093c                TimerEnable
 .text.TimerConfigure
                0x000000000000094a       0x24 /opt/tivaware//driverlib/gcc/libdriver.a(timer.o)
                0x000000000000094a                TimerConfigure
 .text.TimerPrescaleSet
                0x000000000000096e       0x12 /opt/tivaware//driverlib/gcc/libdriver.a(timer.o)
                0x000000000000096e                TimerPrescaleSet
 .text.TimerLoadSet
                0x0000000000000980       0x12 /opt/tivaware//driverlib/gcc/libdriver.a(timer.o)
                0x0000000000000980                TimerLoadSet
 .text.TimerValueGet
                0x0000000000000992        0xa /opt/tivaware//driverlib/gcc/libdriver.a(timer.o)
                0x0000000000000992                TimerValueGet
 .text.TimerIntRegister
                0x000000000000099c       0x1a /opt/tivaware//driverlib/gcc/libdriver.a(timer.o)
                0x000000000000099c                TimerIntRegister
 .text.TimerIntEnable
                0x00000000000009b6        0x8 /opt/tivaware//driverlib/gcc/libdriver.a(timer.o)
                0x00000000000009b6                TimerIntEnable
 .text.TimerIntClear
                0x00000000000009be        0x4 /opt/tivaware//driverlib/gcc/libdriver.a(timer.o)
                0x00000000000009be                TimerIntClear
 *(.rodata*)
 *fill*         0x00000000000009c2        0x2 
 .rodata.g_pui32GPIOBaseAddrs
                0x00000000000009c4       0x78 /opt/tivaware//driverlib/gcc/libdriver.a(gpio.o)
 .rodata.g_pui32EnRegs
                0x0000000000000a3c       0x14 /opt/tivaware//driverlib/gcc/libdriver.a(interrupt.o)
 .rodata.g_ppui32TimerIntMap
                0x0000000000000a50       0x60 /opt/tivaware//driverlib/gcc/libdriver.a(timer.o)
                0x0000000000000ab0                _etext = .

.glue_7         0x0000000000000ab0        0x0
 .glue_7        0x0000000000000000        0x0 linker stubs

.glue_7t        0x0000000000000ab0        0x0
 .glue_7t       0x0000000000000000        0x0 linker stubs

.vfp11_veneer   0x0000000000000ab0        0x0
 .vfp11_veneer  0x0000000000000000        0x0 linker stubs

.v4_bx          0x0000000000000ab0        0x0
 .v4_bx         0x0000000000000000        0x0 linker stubs

.iplt           0x0000000000000ab0        0x0
 .iplt          0x0000000000000000        0x0 .obj/main.o

.rel.dyn        0x0000000000000ab0        0x0
 .rel.iplt      0x0000000000000000        0x0 .obj/main.o

.data           0x0000000020000000      0x40c load address 0x0000000000000ab0
                0x0000000020000000                _data = .
 *(vtable)
 vtable         0x0000000020000000      0x400 /opt/tivaware//driverlib/gcc/libdriver.a(interrupt.o)
 *(.data*)
 .data.edge_count
                0x0000000020000400        0x4 .obj/main.o
                0x0000000020000400                edge_count
 .data.duty_length_a
                0x0000000020000404        0x4 .obj/main.o
                0x0000000020000404                duty_length_a
 .data.duty_length_b
                0x0000000020000408        0x4 .obj/main.o
                0x0000000020000408                duty_length_b
                0x000000002000040c                _edata = .

.igot.plt       0x000000002000040c        0x0 load address 0x0000000000000ebc
 .igot.plt      0x0000000000000000        0x0 .obj/main.o

.bss            0x000000002000040c      0x1b8 load address 0x0000000000000ebc
                0x000000002000040c                _bss = .
 *(.bss*)
 .bss.count     0x000000002000040c        0x4 .obj/main.o
                0x000000002000040c                count
 .bss.duty_counter_a
                0x0000000020000410        0x4 .obj/main.o
                0x0000000020000410                duty_counter_a
 .bss.duty_counter_b
                0x0000000020000414        0x4 .obj/main.o
                0x0000000020000414                duty_counter_b
 .bss.edge_counts_idx
                0x0000000020000418        0x4 .obj/main.o
                0x0000000020000418                edge_counts_idx
 .bss.pui32Stack
                0x000000002000041c      0x100 .obj/startup.o
 *(COMMON)
 COMMON         0x000000002000051c       0xa8 .obj/main.o
                0x000000002000051c                clk_state
                0x0000000020000520                edge_counts_s
                0x00000000200005c0                prev_edge_count
                0x00000000200005c4                _ebss = .
LOAD .obj/main.o
LOAD .obj/stellariscommon.o
LOAD .obj/startup.o
LOAD /usr/lib/gcc/arm-none-eabi/4.8.0/../../../../arm-none-eabi/lib/libm.a
LOAD /usr/lib/gcc/arm-none-eabi/4.8.0/../../../../arm-none-eabi/lib/libc.a
LOAD /usr/lib/gcc/arm-none-eabi/4.8.0/libgcc.a
LOAD /opt/tivaware//driverlib/gcc/libdriver.a
OUTPUT(.obj/main.out elf32-littlearm)

.debug_info     0x0000000000000000      0x31b
 .debug_info    0x0000000000000000      0x1a7 .obj/main.o
 .debug_info    0x00000000000001a7      0x174 .obj/startup.o

.debug_abbrev   0x0000000000000000      0x1ad
 .debug_abbrev  0x0000000000000000       0xbc .obj/main.o
 .debug_abbrev  0x00000000000000bc       0xf1 .obj/startup.o

.debug_aranges  0x0000000000000000       0x70
 .debug_aranges
                0x0000000000000000       0x38 .obj/main.o
 .debug_aranges
                0x0000000000000038       0x38 .obj/startup.o

.debug_ranges   0x0000000000000000       0x50
 .debug_ranges  0x0000000000000000       0x28 .obj/main.o
 .debug_ranges  0x0000000000000028       0x28 .obj/startup.o

.debug_line     0x0000000000000000      0x145
 .debug_line    0x0000000000000000       0x9c .obj/main.o
 .debug_line    0x000000000000009c       0xa9 .obj/startup.o

.debug_str      0x0000000000000000      0x2ec
 .debug_str     0x0000000000000000      0x1d3 .obj/main.o
                                        0x21d (size before relaxing)
 .debug_str     0x00000000000001d3      0x119 .obj/startup.o
                                        0x1dd (size before relaxing)

.comment        0x0000000000000000       0x11
 .comment       0x0000000000000000       0x11 .obj/main.o
                                         0x12 (size before relaxing)
 .comment       0x0000000000000000       0x12 .obj/startup.o
 .comment       0x0000000000000000       0x12 /opt/tivaware//driverlib/gcc/libdriver.a(gpio.o)
 .comment       0x0000000000000000       0x12 /opt/tivaware//driverlib/gcc/libdriver.a(interrupt.o)
 .comment       0x0000000000000000       0x12 /opt/tivaware//driverlib/gcc/libdriver.a(sysctl.o)
 .comment       0x0000000000000000       0x12 /opt/tivaware//driverlib/gcc/libdriver.a(timer.o)

.ARM.attributes
                0x0000000000000000       0x37
 .ARM.attributes
                0x0000000000000000       0x37 .obj/main.o
 .ARM.attributes
                0x0000000000000037       0x37 .obj/startup.o
 .ARM.attributes
                0x000000000000006e       0x37 /opt/tivaware//driverlib/gcc/libdriver.a(gpio.o)
 .ARM.attributes
                0x00000000000000a5       0x37 /opt/tivaware//driverlib/gcc/libdriver.a(interrupt.o)
 .ARM.attributes
                0x00000000000000dc       0x37 /opt/tivaware//driverlib/gcc/libdriver.a(sysctl.o)
 .ARM.attributes
                0x0000000000000113       0x37 /opt/tivaware//driverlib/gcc/libdriver.a(timer.o)

.debug_frame    0x0000000000000000       0xdc
 .debug_frame   0x0000000000000000       0x84 .obj/main.o
 .debug_frame   0x0000000000000084       0x58 .obj/startup.o

.debug_loc      0x0000000000000000       0x2f
 .debug_loc     0x0000000000000000       0x2f .obj/startup.o

Cross Reference Table

Symbol                                            File
CPUbasepriGet                                     /opt/tivaware//driverlib/gcc/libdriver.a(cpu.o)
                                                  /opt/tivaware//driverlib/gcc/libdriver.a(interrupt.o)
CPUbasepriSet                                     /opt/tivaware//driverlib/gcc/libdriver.a(cpu.o)
                                                  /opt/tivaware//driverlib/gcc/libdriver.a(interrupt.o)
CPUcpsid                                          /opt/tivaware//driverlib/gcc/libdriver.a(cpu.o)
                                                  /opt/tivaware//driverlib/gcc/libdriver.a(interrupt.o)
CPUcpsie                                          /opt/tivaware//driverlib/gcc/libdriver.a(cpu.o)
                                                  /opt/tivaware//driverlib/gcc/libdriver.a(interrupt.o)
CPUprimask                                        /opt/tivaware//driverlib/gcc/libdriver.a(cpu.o)
CPUwfi                                            /opt/tivaware//driverlib/gcc/libdriver.a(cpu.o)
                                                  /opt/tivaware//driverlib/gcc/libdriver.a(sysctl.o)
GPIOADCTriggerDisable                             /opt/tivaware//driverlib/gcc/libdriver.a(gpio.o)
GPIOADCTriggerEnable                              /opt/tivaware//driverlib/gcc/libdriver.a(gpio.o)
GPIODMATriggerDisable                             /opt/tivaware//driverlib/gcc/libdriver.a(gpio.o)
GPIODMATriggerEnable                              /opt/tivaware//driverlib/gcc/libdriver.a(gpio.o)
GPIODirModeGet                                    /opt/tivaware//driverlib/gcc/libdriver.a(gpio.o)
GPIODirModeSet                                    /opt/tivaware//driverlib/gcc/libdriver.a(gpio.o)
GPIOIntClear                                      /opt/tivaware//driverlib/gcc/libdriver.a(gpio.o)
GPIOIntDisable                                    /opt/tivaware//driverlib/gcc/libdriver.a(gpio.o)
GPIOIntEnable                                     /opt/tivaware//driverlib/gcc/libdriver.a(gpio.o)
GPIOIntRegister                                   /opt/tivaware//driverlib/gcc/libdriver.a(gpio.o)
GPIOIntStatus                                     /opt/tivaware//driverlib/gcc/libdriver.a(gpio.o)
GPIOIntTypeGet                                    /opt/tivaware//driverlib/gcc/libdriver.a(gpio.o)
GPIOIntTypeSet                                    /opt/tivaware//driverlib/gcc/libdriver.a(gpio.o)
GPIOIntUnregister                                 /opt/tivaware//driverlib/gcc/libdriver.a(gpio.o)
GPIOPadConfigGet                                  /opt/tivaware//driverlib/gcc/libdriver.a(gpio.o)
GPIOPadConfigSet                                  /opt/tivaware//driverlib/gcc/libdriver.a(gpio.o)
GPIOPinConfigure                                  /opt/tivaware//driverlib/gcc/libdriver.a(gpio.o)
                                                  .obj/main.o
GPIOPinRead                                       /opt/tivaware//driverlib/gcc/libdriver.a(gpio.o)
GPIOPinTypeADC                                    /opt/tivaware//driverlib/gcc/libdriver.a(gpio.o)
GPIOPinTypeCAN                                    /opt/tivaware//driverlib/gcc/libdriver.a(gpio.o)
GPIOPinTypeComparator                             /opt/tivaware//driverlib/gcc/libdriver.a(gpio.o)
GPIOPinTypeEPI                                    /opt/tivaware//driverlib/gcc/libdriver.a(gpio.o)
GPIOPinTypeEthernetLED                            /opt/tivaware//driverlib/gcc/libdriver.a(gpio.o)
GPIOPinTypeEthernetMII                            /opt/tivaware//driverlib/gcc/libdriver.a(gpio.o)
GPIOPinTypeFan                                    /opt/tivaware//driverlib/gcc/libdriver.a(gpio.o)
GPIOPinTypeGPIOInput                              /opt/tivaware//driverlib/gcc/libdriver.a(gpio.o)
GPIOPinTypeGPIOOutput                             /opt/tivaware//driverlib/gcc/libdriver.a(gpio.o)
                                                  .obj/main.o
GPIOPinTypeGPIOOutputOD                           /opt/tivaware//driverlib/gcc/libdriver.a(gpio.o)
GPIOPinTypeI2C                                    /opt/tivaware//driverlib/gcc/libdriver.a(gpio.o)
GPIOPinTypeI2CSCL                                 /opt/tivaware//driverlib/gcc/libdriver.a(gpio.o)
GPIOPinTypeI2S                                    /opt/tivaware//driverlib/gcc/libdriver.a(gpio.o)
GPIOPinTypeLPC                                    /opt/tivaware//driverlib/gcc/libdriver.a(gpio.o)
GPIOPinTypePECIRx                                 /opt/tivaware//driverlib/gcc/libdriver.a(gpio.o)
GPIOPinTypePECITx                                 /opt/tivaware//driverlib/gcc/libdriver.a(gpio.o)
GPIOPinTypePWM                                    /opt/tivaware//driverlib/gcc/libdriver.a(gpio.o)
GPIOPinTypeQEI                                    /opt/tivaware//driverlib/gcc/libdriver.a(gpio.o)
GPIOPinTypeSSI                                    /opt/tivaware//driverlib/gcc/libdriver.a(gpio.o)
GPIOPinTypeTimer                                  /opt/tivaware//driverlib/gcc/libdriver.a(gpio.o)
                                                  .obj/main.o
GPIOPinTypeUART                                   /opt/tivaware//driverlib/gcc/libdriver.a(gpio.o)
GPIOPinTypeUSBAnalog                              /opt/tivaware//driverlib/gcc/libdriver.a(gpio.o)
GPIOPinTypeUSBDigital                             /opt/tivaware//driverlib/gcc/libdriver.a(gpio.o)
GPIOPinWrite                                      /opt/tivaware//driverlib/gcc/libdriver.a(gpio.o)
                                                  .obj/main.o
IntDisable                                        /opt/tivaware//driverlib/gcc/libdriver.a(interrupt.o)
                                                  /opt/tivaware//driverlib/gcc/libdriver.a(timer.o)
                                                  /opt/tivaware//driverlib/gcc/libdriver.a(sysctl.o)
                                                  /opt/tivaware//driverlib/gcc/libdriver.a(gpio.o)
IntEnable                                         /opt/tivaware//driverlib/gcc/libdriver.a(interrupt.o)
                                                  /opt/tivaware//driverlib/gcc/libdriver.a(timer.o)
                                                  /opt/tivaware//driverlib/gcc/libdriver.a(sysctl.o)
                                                  /opt/tivaware//driverlib/gcc/libdriver.a(gpio.o)
IntIsEnabled                                      /opt/tivaware//driverlib/gcc/libdriver.a(interrupt.o)
IntMasterDisable                                  /opt/tivaware//driverlib/gcc/libdriver.a(interrupt.o)
IntMasterEnable                                   /opt/tivaware//driverlib/gcc/libdriver.a(interrupt.o)
IntPendClear                                      /opt/tivaware//driverlib/gcc/libdriver.a(interrupt.o)
IntPendSet                                        /opt/tivaware//driverlib/gcc/libdriver.a(interrupt.o)
IntPriorityGet                                    /opt/tivaware//driverlib/gcc/libdriver.a(interrupt.o)
IntPriorityGroupingGet                            /opt/tivaware//driverlib/gcc/libdriver.a(interrupt.o)
IntPriorityGroupingSet                            /opt/tivaware//driverlib/gcc/libdriver.a(interrupt.o)
IntPriorityMaskGet                                /opt/tivaware//driverlib/gcc/libdriver.a(interrupt.o)
IntPriorityMaskSet                                /opt/tivaware//driverlib/gcc/libdriver.a(interrupt.o)
IntPrioritySet                                    /opt/tivaware//driverlib/gcc/libdriver.a(interrupt.o)
IntRegister                                       /opt/tivaware//driverlib/gcc/libdriver.a(interrupt.o)
                                                  /opt/tivaware//driverlib/gcc/libdriver.a(timer.o)
                                                  /opt/tivaware//driverlib/gcc/libdriver.a(sysctl.o)
                                                  /opt/tivaware//driverlib/gcc/libdriver.a(gpio.o)
IntTrigger                                        /opt/tivaware//driverlib/gcc/libdriver.a(interrupt.o)
IntUnregister                                     /opt/tivaware//driverlib/gcc/libdriver.a(interrupt.o)
                                                  /opt/tivaware//driverlib/gcc/libdriver.a(timer.o)
                                                  /opt/tivaware//driverlib/gcc/libdriver.a(sysctl.o)
                                                  /opt/tivaware//driverlib/gcc/libdriver.a(gpio.o)
ResetISR                                          .obj/startup.o
SetupClock                                        .obj/stellariscommon.o
SetupFPU                                          .obj/stellariscommon.o
SetupStdio                                        .obj/stellariscommon.o
SetupSysTick                                      .obj/stellariscommon.o
SysCtlADCSpeedGet                                 /opt/tivaware//driverlib/gcc/libdriver.a(sysctl.o)
SysCtlADCSpeedSet                                 /opt/tivaware//driverlib/gcc/libdriver.a(sysctl.o)
SysCtlClockGet                                    /opt/tivaware//driverlib/gcc/libdriver.a(sysctl.o)
SysCtlClockSet                                    /opt/tivaware//driverlib/gcc/libdriver.a(sysctl.o)
                                                  .obj/main.o
SysCtlDeepSleep                                   /opt/tivaware//driverlib/gcc/libdriver.a(sysctl.o)
SysCtlDeepSleepClockSet                           /opt/tivaware//driverlib/gcc/libdriver.a(sysctl.o)
SysCtlDelay                                       /opt/tivaware//driverlib/gcc/libdriver.a(sysctl.o)
SysCtlFlashSizeGet                                /opt/tivaware//driverlib/gcc/libdriver.a(sysctl.o)
SysCtlGPIOAHBDisable                              /opt/tivaware//driverlib/gcc/libdriver.a(sysctl.o)
SysCtlGPIOAHBEnable                               /opt/tivaware//driverlib/gcc/libdriver.a(sysctl.o)
SysCtlIntClear                                    /opt/tivaware//driverlib/gcc/libdriver.a(sysctl.o)
SysCtlIntDisable                                  /opt/tivaware//driverlib/gcc/libdriver.a(sysctl.o)
SysCtlIntEnable                                   /opt/tivaware//driverlib/gcc/libdriver.a(sysctl.o)
SysCtlIntRegister                                 /opt/tivaware//driverlib/gcc/libdriver.a(sysctl.o)
SysCtlIntStatus                                   /opt/tivaware//driverlib/gcc/libdriver.a(sysctl.o)
SysCtlIntUnregister                               /opt/tivaware//driverlib/gcc/libdriver.a(sysctl.o)
SysCtlMOSCConfigSet                               /opt/tivaware//driverlib/gcc/libdriver.a(sysctl.o)
SysCtlPIOSCCalibrate                              /opt/tivaware//driverlib/gcc/libdriver.a(sysctl.o)
SysCtlPWMClockGet                                 /opt/tivaware//driverlib/gcc/libdriver.a(sysctl.o)
SysCtlPWMClockSet                                 /opt/tivaware//driverlib/gcc/libdriver.a(sysctl.o)
SysCtlPeripheralClockGating                       /opt/tivaware//driverlib/gcc/libdriver.a(sysctl.o)
SysCtlPeripheralDeepSleepDisable                  /opt/tivaware//driverlib/gcc/libdriver.a(sysctl.o)
SysCtlPeripheralDeepSleepEnable                   /opt/tivaware//driverlib/gcc/libdriver.a(sysctl.o)
SysCtlPeripheralDisable                           /opt/tivaware//driverlib/gcc/libdriver.a(sysctl.o)
SysCtlPeripheralEnable                            /opt/tivaware//driverlib/gcc/libdriver.a(sysctl.o)
                                                  .obj/main.o
SysCtlPeripheralPowerOff                          /opt/tivaware//driverlib/gcc/libdriver.a(sysctl.o)
SysCtlPeripheralPowerOn                           /opt/tivaware//driverlib/gcc/libdriver.a(sysctl.o)
SysCtlPeripheralPresent                           /opt/tivaware//driverlib/gcc/libdriver.a(sysctl.o)
SysCtlPeripheralReady                             /opt/tivaware//driverlib/gcc/libdriver.a(sysctl.o)
SysCtlPeripheralReset                             /opt/tivaware//driverlib/gcc/libdriver.a(sysctl.o)
SysCtlPeripheralSleepDisable                      /opt/tivaware//driverlib/gcc/libdriver.a(sysctl.o)
SysCtlPeripheralSleepEnable                       /opt/tivaware//driverlib/gcc/libdriver.a(sysctl.o)
SysCtlReset                                       /opt/tivaware//driverlib/gcc/libdriver.a(sysctl.o)
SysCtlResetCauseClear                             /opt/tivaware//driverlib/gcc/libdriver.a(sysctl.o)
SysCtlResetCauseGet                               /opt/tivaware//driverlib/gcc/libdriver.a(sysctl.o)
SysCtlSRAMSizeGet                                 /opt/tivaware//driverlib/gcc/libdriver.a(sysctl.o)
SysCtlSleep                                       /opt/tivaware//driverlib/gcc/libdriver.a(sysctl.o)
SysCtlUSBPLLDisable                               /opt/tivaware//driverlib/gcc/libdriver.a(sysctl.o)
SysCtlUSBPLLEnable                                /opt/tivaware//driverlib/gcc/libdriver.a(sysctl.o)
Timer1A_ISR                                       .obj/main.o
TimerConfigure                                    /opt/tivaware//driverlib/gcc/libdriver.a(timer.o)
                                                  .obj/main.o
TimerControlEvent                                 /opt/tivaware//driverlib/gcc/libdriver.a(timer.o)
TimerControlLevel                                 /opt/tivaware//driverlib/gcc/libdriver.a(timer.o)
TimerControlStall                                 /opt/tivaware//driverlib/gcc/libdriver.a(timer.o)
TimerControlTrigger                               /opt/tivaware//driverlib/gcc/libdriver.a(timer.o)
TimerControlWaitOnTrigger                         /opt/tivaware//driverlib/gcc/libdriver.a(timer.o)
TimerDisable                                      /opt/tivaware//driverlib/gcc/libdriver.a(timer.o)
TimerEnable                                       /opt/tivaware//driverlib/gcc/libdriver.a(timer.o)
                                                  .obj/main.o
TimerIntClear                                     /opt/tivaware//driverlib/gcc/libdriver.a(timer.o)
                                                  .obj/main.o
TimerIntDisable                                   /opt/tivaware//driverlib/gcc/libdriver.a(timer.o)
TimerIntEnable                                    /opt/tivaware//driverlib/gcc/libdriver.a(timer.o)
                                                  .obj/main.o
TimerIntRegister                                  /opt/tivaware//driverlib/gcc/libdriver.a(timer.o)
                                                  .obj/main.o
TimerIntStatus                                    /opt/tivaware//driverlib/gcc/libdriver.a(timer.o)
TimerIntUnregister                                /opt/tivaware//driverlib/gcc/libdriver.a(timer.o)
TimerLoadGet                                      /opt/tivaware//driverlib/gcc/libdriver.a(timer.o)
TimerLoadGet64                                    /opt/tivaware//driverlib/gcc/libdriver.a(timer.o)
TimerLoadSet                                      /opt/tivaware//driverlib/gcc/libdriver.a(timer.o)
                                                  .obj/main.o
TimerLoadSet64                                    /opt/tivaware//driverlib/gcc/libdriver.a(timer.o)
TimerMatchGet                                     /opt/tivaware//driverlib/gcc/libdriver.a(timer.o)
TimerMatchGet64                                   /opt/tivaware//driverlib/gcc/libdriver.a(timer.o)
TimerMatchSet                                     /opt/tivaware//driverlib/gcc/libdriver.a(timer.o)
TimerMatchSet64                                   /opt/tivaware//driverlib/gcc/libdriver.a(timer.o)
TimerPrescaleGet                                  /opt/tivaware//driverlib/gcc/libdriver.a(timer.o)
TimerPrescaleMatchGet                             /opt/tivaware//driverlib/gcc/libdriver.a(timer.o)
TimerPrescaleMatchSet                             /opt/tivaware//driverlib/gcc/libdriver.a(timer.o)
TimerPrescaleSet                                  /opt/tivaware//driverlib/gcc/libdriver.a(timer.o)
                                                  .obj/main.o
TimerRTCDisable                                   /opt/tivaware//driverlib/gcc/libdriver.a(timer.o)
TimerRTCEnable                                    /opt/tivaware//driverlib/gcc/libdriver.a(timer.o)
TimerSynchronize                                  /opt/tivaware//driverlib/gcc/libdriver.a(timer.o)
TimerValueGet                                     /opt/tivaware//driverlib/gcc/libdriver.a(timer.o)
                                                  .obj/main.o
TimerValueGet64                                   /opt/tivaware//driverlib/gcc/libdriver.a(timer.o)
_bss                                              .obj/startup.o
_data                                             .obj/startup.o
_ebss                                             .obj/startup.o
_edata                                            .obj/startup.o
_etext                                            .obj/startup.o
bNewPLL                                           /opt/tivaware//driverlib/gcc/libdriver.a(sysctl.o)
clk_state                                         .obj/main.o
count                                             .obj/main.o
duty_counter_a                                    .obj/main.o
duty_counter_b                                    .obj/main.o
duty_length_a                                     .obj/main.o
duty_length_b                                     .obj/main.o
edge_count                                        .obj/main.o
edge_counts_idx                                   .obj/main.o
edge_counts_s                                     .obj/main.o
g_pfnVectors                                      .obj/startup.o
init_motor                                        .obj/main.o
init_timer1                                       .obj/main.o
main                                              .obj/main.o
                                                  .obj/startup.o
prev_edge_count                                   .obj/main.o
ui32Osc                                           /opt/tivaware//driverlib/gcc/libdriver.a(sysctl.o)
ui32OscSelect                                     /opt/tivaware//driverlib/gcc/libdriver.a(sysctl.o)
ui32RSClkConfig                                   /opt/tivaware//driverlib/gcc/libdriver.a(sysctl.o)
ui32SysDiv                                        /opt/tivaware//driverlib/gcc/libdriver.a(sysctl.o)
